Fetching dependencies via spago...
Building CoreFn for pscpp via pure 0.14.4 compiler (pscpp does not support TAST)...
Generating C++ via pscpp...
output/src/Data_Unit/Data_Unit.h
output/src/Data_Unit/Data_Unit.cpp
output/src/Data_Array_ST_Partial/Data_Array_ST_Partial.h
output/src/Data_Array_ST_Partial/Data_Array_ST_Partial.cpp
output/src/Data_Profunctor_Cochoice/Data_Profunctor_Cochoice.h
output/src/Control_Comonad_Traced/Control_Comonad_Traced.h
output/src/Test_FibFFI/Test_FibFFI.h
output/src/Data_Profunctor_Cochoice/Data_Profunctor_Cochoice.cpp
output/src/Control_Comonad_Traced/Control_Comonad_Traced.cpp
output/src/Test_FibFFI/Test_FibFFI.cpp
output/src/Data_Reflectable/Data_Reflectable.h
output/src/Data_Time_Component_Gen/Data_Time_Component_Gen.h
output/src/Data_Profunctor_Strong/Data_Profunctor_Strong.h
output/src/Data_Reflectable/Data_Reflectable.cpp
output/src/Data_Profunctor_Strong/Data_Profunctor_Strong.cpp
output/src/Data_Time_Component_Gen/Data_Time_Component_Gen.cpp
output/src/Data_Monoid_Additive/Data_Monoid_Additive.h
output/src/Data_Functor_Clown/Data_Functor_Clown.h
output/src/Data_Functor_Clown/Data_Functor_Clown.cpp
output/src/Data_Monoid_Additive/Data_Monoid_Additive.cpp
output/src/Effect_Exception/Effect_Exception.h
output/src/Test_Ackermann/Test_Ackermann.h
output/src/Test_Ackermann/Test_Ackermann.cpp
output/src/Control_Semigroupoid/Control_Semigroupoid.h
output/src/Effect_Exception/Effect_Exception.cpp
output/src/Control_Semigroupoid/Control_Semigroupoid.cpp
output/src/Data_Number/Data_Number.h
output/src/Data_Time_Duration_Gen/Data_Time_Duration_Gen.h
output/src/Test_TCOFFI/Test_TCOFFI.h
output/src/Data_Time_Duration_Gen/Data_Time_Duration_Gen.cpp
output/src/Test_TCOFFI/Test_TCOFFI.cpp
output/src/Data_Char_Gen/Data_Char_Gen.h
output/src/Data_Number/Data_Number.cpp
output/src/Data_Char_Gen/Data_Char_Gen.cpp
output/src/Test_ListOps/Test_ListOps.h
output/src/Data_Show_Generic/Data_Show_Generic.h
output/src/Test_ListOps/Test_ListOps.cpp
output/src/Data_Show_Generic/Data_Show_Generic.cpp
output/src/Control_Comonad_Store/Control_Comonad_Store.h
output/src/Control_Comonad_Store/Control_Comonad_Store.cpp
output/src/Data_Functor_Joker/Data_Functor_Joker.h
output/src/Data_Ring_Generic/Data_Ring_Generic.h
output/src/Data_Functor_Joker/Data_Functor_Joker.cpp
output/src/Data_Ring_Generic/Data_Ring_Generic.cpp
output/src/Data_Functor_Compose/Data_Functor_Compose.h
output/src/Control_Monad_Error_Class/Control_Monad_Error_Class.h
output/src/Data_Functor_Compose/Data_Functor_Compose.cpp
output/src/Test_TC/Test_TC.h
output/src/Control_Monad_Error_Class/Control_Monad_Error_Class.cpp
output/src/Data_Set/Data_Set.h
output/src/Data_Set/Data_Set.cpp
output/src/Data_DivisionRing/Data_DivisionRing.h
output/src/Data_Const/Data_Const.h
output/src/Data_Const/Data_Const.cpp
output/src/Data_DivisionRing/Data_DivisionRing.cpp
output/src/Test_TC/Test_TC.cpp
output/src/Data_Equivalence/Data_Equivalence.h
output/src/Data_Semiring_Generic/Data_Semiring_Generic.h
output/src/Test_ChurchFFICheatcode/Test_ChurchFFICheatcode.h
output/src/Data_Equivalence/Data_Equivalence.cpp
output/src/Data_Semiring_Generic/Data_Semiring_Generic.cpp
output/src/Data_Profunctor/Data_Profunctor.h
output/src/Test_ChurchFFICheatcode/Test_ChurchFFICheatcode.cpp
output/src/Data_Profunctor/Data_Profunctor.cpp
output/src/Test_Main/Test_Main.h
output/src/Test_Main/Test_Main.cpp
output/src/Data_Comparison/Data_Comparison.h
output/src/Data_Comparison/Data_Comparison.cpp
output/src/Control_Monad_Except_Trans/Control_Monad_Except_Trans.h
output/src/Control_Monad_Except_Trans/Control_Monad_Except_Trans.cpp
output/src/AppFFICheatcode/AppFFICheatcode.h
output/src/AppFFICheatcode/AppFFICheatcode.cpp
output/src/Data_List_Lazy_NonEmpty/Data_List_Lazy_NonEmpty.h
output/src/Data_List_Lazy_NonEmpty/Data_List_Lazy_NonEmpty.cpp
output/src/Data_String_NonEmpty_Internal/Data_String_NonEmpty_Internal.h
output/src/Data_String_NonEmpty_Internal/Data_String_NonEmpty_Internal.cpp
output/src/Test_LazyEvaluation/Test_LazyEvaluation.h
output/src/Test_LazyEvaluation/Test_LazyEvaluation.cpp
output/src/Data_Monoid_Disj/Data_Monoid_Disj.h
output/src/Data_Monoid_Disj/Data_Monoid_Disj.cpp
output/src/Data_Ord/Data_Ord.h
output/src/Data_Ord/Data_Ord.cpp
output/src/Bench/Bench.h
output/src/Bench/Bench.cpp
output/src/Data_Bounded_Generic/Data_Bounded_Generic.h
output/src/Data_Bounded_Generic/Data_Bounded_Generic.cpp
output/src/Data_Unfoldable/Data_Unfoldable.h
output/src/Data_Profunctor_Star/Data_Profunctor_Star.h
output/src/Data_Unfoldable/Data_Unfoldable.cpp
output/src/Data_Profunctor_Star/Data_Profunctor_Star.cpp
output/src/Test_AckermannFFICheatcode/Test_AckermannFFICheatcode.h
output/src/Data_Functor_Product/Data_Functor_Product.h
output/src/Data_Profunctor_Closed/Data_Profunctor_Closed.h
output/src/Test_AckermannFFICheatcode/Test_AckermannFFICheatcode.cpp
output/src/Data_Functor_Product/Data_Functor_Product.cpp
output/src/Data_Profunctor_Closed/Data_Profunctor_Closed.cpp
output/src/Data_Char/Data_Char.h
output/src/Effect_Exception_Unsafe/Effect_Exception_Unsafe.h
output/src/Effect_Exception_Unsafe/Effect_Exception_Unsafe.cpp
output/src/Data_Ord_Max/Data_Ord_Max.h
output/src/Data_Char/Data_Char.cpp
output/src/Data_Ord_Max/Data_Ord_Max.cpp
output/src/Effect_Ref/Effect_Ref.h
output/src/Control_Monad_RWS/Control_Monad_RWS.h
output/src/Test_RBTreeFFICheatcode/Test_RBTreeFFICheatcode.h
output/src/Effect_Ref/Effect_Ref.cpp
output/src/Control_Monad_RWS/Control_Monad_RWS.cpp
output/src/Partial/Partial.h
output/src/Test_RBTreeFFICheatcode/Test_RBTreeFFICheatcode.cpp
output/src/Partial/Partial.cpp
output/src/Record/Record.h
output/src/Record/Record.cpp
output/src/Data_Functor_Product2/Data_Functor_Product2.h
output/src/Unsafe_Coerce/Unsafe_Coerce.h
output/src/Data_Eq_Generic/Data_Eq_Generic.h
output/src/Unsafe_Coerce/Unsafe_Coerce.cpp
output/src/Data_Profunctor_Choice/Data_Profunctor_Choice.h
output/src/Test_ArrayOpsFFICheatcode/Test_ArrayOpsFFICheatcode.h
output/src/Data_Functor_Product2/Data_Functor_Product2.cpp
output/src/Test_ArrayOpsFFICheatcode/Test_ArrayOpsFFICheatcode.cpp
output/src/Data_Profunctor_Choice/Data_Profunctor_Choice.cpp
output/src/Data_Eq_Generic/Data_Eq_Generic.cpp
output/src/Test_PolymorphismFFI/Test_PolymorphismFFI.h
output/src/Test_PolymorphismFFI/Test_PolymorphismFFI.cpp
output/src/Data_Monoid_Generic/Data_Monoid_Generic.h
output/src/Data_Monoid_Generic/Data_Monoid_Generic.cpp
output/src/Data_Profunctor_Costrong/Data_Profunctor_Costrong.h
output/src/Data_String_CodeUnits/Data_String_CodeUnits.h
output/src/Data_Profunctor_Costrong/Data_Profunctor_Costrong.cpp
output/src/Test_LazyEvaluationFFI/Test_LazyEvaluationFFI.h
output/src/Test_LazyEvaluationFFI/Test_LazyEvaluationFFI.cpp
output/src/Data_String_CodeUnits/Data_String_CodeUnits.cpp
output/src/Data_Profunctor_Split/Data_Profunctor_Split.h
output/src/Data_FoldableWithIndex/Data_FoldableWithIndex.h
output/src/Data_Profunctor_Split/Data_Profunctor_Split.cpp
output/src/Control_Monad_Reader_Class/Control_Monad_Reader_Class.h
output/src/Control_Monad_State_Trans/Control_Monad_State_Trans.h
output/src/Data_FoldableWithIndex/Data_FoldableWithIndex.cpp
output/src/Control_Monad_Reader_Class/Control_Monad_Reader_Class.cpp
output/src/Control_Monad_State_Trans/Control_Monad_State_Trans.cpp
output/src/Data_Functor_Flip/Data_Functor_Flip.h
output/src/Data_Bifoldable/Data_Bifoldable.h
output/src/Data_Functor_Flip/Data_Functor_Flip.cpp
output/src/Data_Bifoldable/Data_Bifoldable.cpp
output/src/Data_Either_Nested/Data_Either_Nested.h
output/src/Data_Either_Nested/Data_Either_Nested.cpp
output/src/Control_Monad_Writer/Control_Monad_Writer.h
output/src/Test_ArrayOpsFFI/Test_ArrayOpsFFI.h
output/src/Control_Monad_Writer/Control_Monad_Writer.cpp
output/src/Test_ArrayOpsFFI/Test_ArrayOpsFFI.cpp
output/src/Data_Monoid_Dual/Data_Monoid_Dual.h
output/src/Data_Monoid_Dual/Data_Monoid_Dual.cpp
output/src/Data_Function_Uncurried/Data_Function_Uncurried.h
output/src/Data_Function_Uncurried/Data_Function_Uncurried.cpp
output/src/Test_ArrayOps/Test_ArrayOps.h
output/src/Data_Date_Component/Data_Date_Component.h
output/src/Data_Date_Component/Data_Date_Component.cpp
output/src/Effect_Class_Console/Effect_Class_Console.h
output/src/Test_ArrayOps/Test_ArrayOps.cpp
output/src/Effect_Class_Console/Effect_Class_Console.cpp
output/src/App/App.h
output/src/App/App.cpp
output/src/Test_Fib/Test_Fib.h
output/src/Test_TCOFFICheatcode/Test_TCOFFICheatcode.h
output/src/Test_Fib/Test_Fib.cpp
output/src/Test_TCOFFICheatcode/Test_TCOFFICheatcode.cpp
output/src/Data_String_Regex_Unsafe/Data_String_Regex_Unsafe.h
output/src/Effect_Uncurried/Effect_Uncurried.h
output/src/Data_String_Regex_Unsafe/Data_String_Regex_Unsafe.cpp
output/src/Effect_Uncurried/Effect_Uncurried.cpp
output/src/Data_BooleanAlgebra/Data_BooleanAlgebra.h
output/src/Test_AstTree/Test_AstTree.h
output/src/Data_BooleanAlgebra/Data_BooleanAlgebra.cpp
output/src/Data_Ord_Min/Data_Ord_Min.h
output/src/Data_Ord_Min/Data_Ord_Min.cpp
output/src/Test_AstTree/Test_AstTree.cpp
output/src/Data_String/Data_String.h
output/src/Data_String/Data_String.cpp
output/src/Data_DateTime_Instant/Data_DateTime_Instant.h
output/src/Data_DateTime_Instant/Data_DateTime_Instant.cpp
output/src/Data_Map/Data_Map.h
output/src/Data_Map/Data_Map.cpp
output/src/Control_Biapply/Control_Biapply.h
output/src/Control_Biapply/Control_Biapply.cpp
output/src/Data_Monoid_Multiplicative/Data_Monoid_Multiplicative.h
output/src/Data_Monoid_Multiplicative/Data_Monoid_Multiplicative.cpp
output/src/Record_Unsafe/Record_Unsafe.h
output/src/Control_Monad_Identity_Trans/Control_Monad_Identity_Trans.h
output/src/Data_List_ZipList/Data_List_ZipList.h
output/src/Control_Monad_Identity_Trans/Control_Monad_Identity_Trans.cpp
output/src/Control_Applicative/Control_Applicative.h
output/src/Record_Unsafe/Record_Unsafe.cpp
output/src/Data_List_ZipList/Data_List_ZipList.cpp
output/src/AppJavaFFICheatcode/AppJavaFFICheatcode.h
output/src/Control_Applicative/Control_Applicative.cpp
output/src/AppJavaFFICheatcode/AppJavaFFICheatcode.cpp
output/src/Control_Monad_Reader_Trans/Control_Monad_Reader_Trans.h
output/src/Control_Monad_Reader_Trans/Control_Monad_Reader_Trans.cpp
output/src/Data_Traversable_Accum/Data_Traversable_Accum.h
output/src/Data_Traversable_Accum/Data_Traversable_Accum.cpp
output/src/Data_Semigroup_First/Data_Semigroup_First.h
output/src/Data_Semigroup_First/Data_Semigroup_First.cpp
output/src/Effect_Unsafe/Effect_Unsafe.h
output/src/Data_Show/Data_Show.h
output/src/Data_Show/Data_Show.cpp
output/src/Data_Functor_Coproduct_Nested/Data_Functor_Coproduct_Nested.h
output/src/Data_Functor_Coproduct_Nested/Data_Functor_Coproduct_Nested.cpp
output/src/Data_String_Unsafe/Data_String_Unsafe.h
output/src/Data_String_Unsafe/Data_String_Unsafe.cpp
output/src/Control_Parallel/Control_Parallel.h
output/src/Control_Parallel/Control_Parallel.cpp
output/src/Effect_Unsafe/Effect_Unsafe.cpp
output/src/Record_Builder/Record_Builder.h
output/src/Control_Monad_Rec_Class/Control_Monad_Rec_Class.h
output/src/Record_Builder/Record_Builder.cpp
output/src/Control_Monad_Rec_Class/Control_Monad_Rec_Class.cpp
output/src/Data_Int/Data_Int.h
output/src/Data_HeytingAlgebra/Data_HeytingAlgebra.h
output/src/Data_Unfoldable1/Data_Unfoldable1.h
output/src/Data_HeytingAlgebra/Data_HeytingAlgebra.cpp
output/src/Data_Int/Data_Int.cpp
output/src/Data_Unfoldable1/Data_Unfoldable1.cpp
output/src/Data_Interval_Duration/Data_Interval_Duration.h
output/src/Data_Interval_Duration/Data_Interval_Duration.cpp
output/src/Test_ListOpsFFI/Test_ListOpsFFI.h
output/src/Test_ListOpsFFI/Test_ListOpsFFI.cpp
output/src/AppJavaFFI/AppJavaFFI.h
output/src/Data_Date_Gen/Data_Date_Gen.h
output/src/Data_NaturalTransformation/Data_NaturalTransformation.h
output/src/Data_Date_Gen/Data_Date_Gen.cpp
output/src/AppJavaFFI/AppJavaFFI.cpp
output/src/Data_NaturalTransformation/Data_NaturalTransformation.cpp
output/src/Data_Boolean/Data_Boolean.h
output/src/Data_Boolean/Data_Boolean.cpp
output/src/Control_Monad_State_Class/Control_Monad_State_Class.h
output/src/Control_Monad_State_Class/Control_Monad_State_Class.cpp
output/src/Data_String_Gen/Data_String_Gen.h
output/src/Effect/Effect.h
output/src/Data_Int_Bits/Data_Int_Bits.h
output/src/Data_String_Gen/Data_String_Gen.cpp
output/src/Effect/Effect.cpp
output/src/Data_Int_Bits/Data_Int_Bits.cpp
output/src/Data_Monoid_Endo/Data_Monoid_Endo.h
output/src/Data_Monoid_Endo/Data_Monoid_Endo.cpp
output/src/Data_Ordering/Data_Ordering.h
output/src/Data_String_Common/Data_String_Common.h
output/src/Test_LazyEvaluationFFICheatcode/Test_LazyEvaluationFFICheatcode.h
output/src/Data_Ordering/Data_Ordering.cpp
output/src/Test_LazyEvaluationFFICheatcode/Test_LazyEvaluationFFICheatcode.cpp
output/src/Data_String_Common/Data_String_Common.cpp
output/src/Test_Polymorphism/Test_Polymorphism.h
output/src/Test_Polymorphism/Test_Polymorphism.cpp
output/src/Data_Predicate/Data_Predicate.h
output/src/Data_Semigroup_Generic/Data_Semigroup_Generic.h
output/src/Data_Predicate/Data_Predicate.cpp
output/src/Control_Monad_Cont/Control_Monad_Cont.h
output/src/Control_Monad_Cont/Control_Monad_Cont.cpp
output/src/Data_Semigroup_Generic/Data_Semigroup_Generic.cpp
output/src/Control_Category/Control_Category.h
output/src/Effect_Class/Effect_Class.h
output/src/Effect_Class/Effect_Class.cpp
output/src/Control_Category/Control_Category.cpp
output/src/Control_Biapplicative/Control_Biapplicative.h
output/src/Control_Biapplicative/Control_Biapplicative.cpp
output/src/Control_Monad/Control_Monad.h
output/src/Control_Monad/Control_Monad.cpp
output/src/Data_Bifunctor/Data_Bifunctor.h
output/src/Data_Bifunctor/Data_Bifunctor.cpp
output/src/Data_Time_Duration/Data_Time_Duration.h
output/src/Data_Functor_Contravariant/Data_Functor_Contravariant.h
output/src/Data_Time_Duration/Data_Time_Duration.cpp
output/src/Data_Functor_Contravariant/Data_Functor_Contravariant.cpp
output/src/Data_HeytingAlgebra_Generic/Data_HeytingAlgebra_Generic.h
output/src/Data_HeytingAlgebra_Generic/Data_HeytingAlgebra_Generic.cpp
output/src/Data_Bounded/Data_Bounded.h
output/src/AppX/AppX.h
output/src/Data_Date/Data_Date.h
output/src/AppX/AppX.cpp
output/src/Data_Bounded/Data_Bounded.cpp
output/src/Test_RecordsFFI/Test_RecordsFFI.h
output/src/Data_Date/Data_Date.cpp
output/src/Test_RecordsFFI/Test_RecordsFFI.cpp
output/src/Test_FibFFICheatcode/Test_FibFFICheatcode.h
output/src/Test_FibFFICheatcode/Test_FibFFICheatcode.cpp
output/src/Data_Enum_Generic/Data_Enum_Generic.h
output/src/Data_Semigroup_Last/Data_Semigroup_Last.h
output/src/Test_StateMonadFFI/Test_StateMonadFFI.h
output/src/Data_Enum_Gen/Data_Enum_Gen.h
output/src/Data_Enum_Gen/Data_Enum_Gen.cpp
output/src/Test_StateMonadFFI/Test_StateMonadFFI.cpp
output/src/Data_Semigroup_Last/Data_Semigroup_Last.cpp
output/src/Control_Monad_List_Trans/Control_Monad_List_Trans.h
output/src/Data_Enum_Generic/Data_Enum_Generic.cpp
output/src/Control_Monad_ST_Global/Control_Monad_ST_Global.h
output/src/Control_Monad_List_Trans/Control_Monad_List_Trans.cpp
output/src/Control_Monad_ST_Global/Control_Monad_ST_Global.cpp
output/src/Data_Set_NonEmpty/Data_Set_NonEmpty.h
output/src/Data_Set_NonEmpty/Data_Set_NonEmpty.cpp
output/src/Control_Comonad/Control_Comonad.h
output/src/Data_Enum/Data_Enum.h
output/src/Control_Comonad/Control_Comonad.cpp
output/src/Data_Enum/Data_Enum.cpp
output/src/Data_Map_Gen/Data_Map_Gen.h
output/src/Data_Map_Gen/Data_Map_Gen.cpp
output/src/Data_Date_Component_Gen/Data_Date_Component_Gen.h
output/src/Effect_Now/Effect_Now.h
output/src/Data_String_NonEmpty/Data_String_NonEmpty.h
output/src/Effect_Now/Effect_Now.cpp
output/src/Data_String_NonEmpty/Data_String_NonEmpty.cpp
output/src/Data_Date_Component_Gen/Data_Date_Component_Gen.cpp
output/src/Control_Monad_Gen/Control_Monad_Gen.h
output/src/Control_Monad_Gen/Control_Monad_Gen.cpp
output/src/Data_CommutativeRing/Data_CommutativeRing.h
output/src/Data_Array_ST/Data_Array_ST.h
output/src/Data_Array_ST/Data_Array_ST.cpp
output/src/Data_CommutativeRing/Data_CommutativeRing.cpp
output/src/Test_RowToList/Test_RowToList.h
output/src/Test_RowToList/Test_RowToList.cpp
output/src/Data_Time_Component/Data_Time_Component.h
output/src/Data_Time_Component/Data_Time_Component.cpp
output/src/AppFFI/AppFFI.h
output/src/AppFFI/AppFFI.cpp
output/src/Test_AstTreeFFI/Test_AstTreeFFI.h
output/src/Test_PolymorphismFFICheatcode/Test_PolymorphismFFICheatcode.h
output/src/Data_Decide/Data_Decide.h
output/src/Test_AstTreeFFI/Test_AstTreeFFI.cpp
output/src/Test_PolymorphismFFICheatcode/Test_PolymorphismFFICheatcode.cpp
output/src/Data_Decide/Data_Decide.cpp
output/src/Data_Semigroup_Foldable/Data_Semigroup_Foldable.h
output/src/Data_Semigroup_Foldable/Data_Semigroup_Foldable.cpp
output/src/Test_AckermannFFI/Test_AckermannFFI.h
output/src/Data_Functor_Costar/Data_Functor_Costar.h
output/src/Partial_Unsafe/Partial_Unsafe.h
output/src/Test_AckermannFFI/Test_AckermannFFI.cpp
output/src/Partial_Unsafe/Partial_Unsafe.cpp
output/src/Data_Functor_Costar/Data_Functor_Costar.cpp
output/src/Safe_Coerce/Safe_Coerce.h
output/src/Safe_Coerce/Safe_Coerce.cpp
output/src/Test_StateMonadFFICheatcode/Test_StateMonadFFICheatcode.h
output/src/Test_StateMonadFFICheatcode/Test_StateMonadFFICheatcode.cpp
output/src/Data_Monoid_Alternate/Data_Monoid_Alternate.h
output/src/Test_RowToListFFICheatcode/Test_RowToListFFICheatcode.h
output/src/Data_Monoid_Alternate/Data_Monoid_Alternate.cpp
output/src/Test_RowToListFFICheatcode/Test_RowToListFFICheatcode.cpp
output/src/Control_Bind/Control_Bind.h
output/src/Control_Bind/Control_Bind.cpp
output/src/Control_Monad_Except/Control_Monad_Except.h
output/src/Control_Monad_Except/Control_Monad_Except.cpp
output/src/Data_Number_Format/Data_Number_Format.h
output/src/Control_Extend/Control_Extend.h
output/src/Data_Number_Format/Data_Number_Format.cpp
output/src/Control_Extend/Control_Extend.cpp
output/src/Data_String_Regex/Data_String_Regex.h
output/src/Data_Profunctor_Join/Data_Profunctor_Join.h
output/src/Data_String_Regex/Data_String_Regex.cpp
output/src/Data_Either/Data_Either.h
output/src/Data_Profunctor_Join/Data_Profunctor_Join.cpp
output/src/Data_Either/Data_Either.cpp
output/src/Data_DateTime/Data_DateTime.h
output/src/Data_DateTime/Data_DateTime.cpp
output/src/Data_FunctorWithIndex/Data_FunctorWithIndex.h
output/src/Data_FunctorWithIndex/Data_FunctorWithIndex.cpp
output/src/Test_RBTree/Test_RBTree.h
output/src/Test_RBTree/Test_RBTree.cpp
output/src/Effect_Aff_Compat/Effect_Aff_Compat.h
output/src/Effect_Aff_Compat/Effect_Aff_Compat.cpp
output/src/Data_List_NonEmpty/Data_List_NonEmpty.h
output/src/Data_List_NonEmpty/Data_List_NonEmpty.cpp
output/src/Data_Op/Data_Op.h
output/src/Control_Comonad_Env_Trans/Control_Comonad_Env_Trans.h
output/src/Data_Op/Data_Op.cpp
output/src/Control_Comonad_Env_Trans/Control_Comonad_Env_Trans.cpp
output/src/Type_Equality/Type_Equality.h
output/src/Type_Equality/Type_Equality.cpp
output/src/Test_AstTreeFFICheatcode/Test_AstTreeFFICheatcode.h
output/src/Test_AstTreeFFICheatcode/Test_AstTreeFFICheatcode.cpp
output/src/Data_Monoid/Data_Monoid.h
output/src/Data_Monoid/Data_Monoid.cpp
output/src/Control_Monad_Cont_Trans/Control_Monad_Cont_Trans.h
output/src/Control_Monad_Cont_Trans/Control_Monad_Cont_Trans.cpp
output/src/Data_Semigroup_Traversable/Data_Semigroup_Traversable.h
output/src/Data_Semigroup_Traversable/Data_Semigroup_Traversable.cpp
output/src/Control_Monad_ST/Control_Monad_ST.h
output/src/Control_Monad_ST/Control_Monad_ST.cpp
output/src/Data_Lazy/Data_Lazy.h
output/src/Data_Lazy/Data_Lazy.cpp
output/src/Data_String_Regex_Flags/Data_String_Regex_Flags.h
output/src/Test_ChurchFFI/Test_ChurchFFI.h
output/src/Data_String_Regex_Flags/Data_String_Regex_Flags.cpp
output/src/Test_ChurchFFI/Test_ChurchFFI.cpp
output/src/Data_Interval/Data_Interval.h
output/src/Data_Interval/Data_Interval.cpp
output/src/Test_RowToListFFI/Test_RowToListFFI.h
output/src/Test_RowToListFFI/Test_RowToListFFI.cpp
output/src/Data_List_Partial/Data_List_Partial.h
output/src/Data_List_Partial/Data_List_Partial.cpp
output/src/Effect_Aff_Class/Effect_Aff_Class.h
output/src/Data_Void/Data_Void.h
output/src/Effect_Aff_Class/Effect_Aff_Class.cpp
output/src/Data_String_NonEmpty_CaseInsensitive/Data_String_NonEmpty_CaseInsensitive.h
output/src/Data_String_NonEmpty_CaseInsensitive/Data_String_NonEmpty_CaseInsensitive.cpp
output/src/Data_Void/Data_Void.cpp
output/src/Control_Comonad_Store_Class/Control_Comonad_Store_Class.h
output/src/Data_String_NonEmpty_CodeUnits/Data_String_NonEmpty_CodeUnits.h
output/src/Control_Comonad_Store_Class/Control_Comonad_Store_Class.cpp
output/src/Data_String_NonEmpty_CodeUnits/Data_String_NonEmpty_CodeUnits.cpp
output/src/Data_Semiring/Data_Semiring.h
output/src/Data_Semiring/Data_Semiring.cpp
output/src/Control_Apply/Control_Apply.h
output/src/Control_Apply/Control_Apply.cpp
output/src/Data_Newtype/Data_Newtype.h
output/src/Control_Plus/Control_Plus.h
output/src/Control_Plus/Control_Plus.cpp
output/src/Data_Newtype/Data_Newtype.cpp
output/src/Control_Monad_ST_Uncurried/Control_Monad_ST_Uncurried.h
output/src/Data_Decidable/Data_Decidable.h
output/src/Data_Tuple/Data_Tuple.h
output/src/Data_Decidable/Data_Decidable.cpp
output/src/Data_Ord_Down/Data_Ord_Down.h
output/src/Control_Monad_ST_Uncurried/Control_Monad_ST_Uncurried.cpp
output/src/Data_Ord_Down/Data_Ord_Down.cpp
output/src/Data_Function/Data_Function.h
output/src/Data_Function/Data_Function.cpp
output/src/Data_Tuple/Data_Tuple.cpp
output/src/Data_Traversable/Data_Traversable.h
output/src/Data_Traversable/Data_Traversable.cpp
output/src/Control_Monad_Trans_Class/Control_Monad_Trans_Class.h
output/src/Control_Monad_Trans_Class/Control_Monad_Trans_Class.cpp
output/src/Control_Monad_Writer_Trans/Control_Monad_Writer_Trans.h
output/src/Control_Monad_Writer_Trans/Control_Monad_Writer_Trans.cpp
output/src/Control_Comonad_Traced_Class/Control_Comonad_Traced_Class.h
output/src/Control_Comonad_Traced_Class/Control_Comonad_Traced_Class.cpp
output/src/Data_String_Pattern/Data_String_Pattern.h
output/src/Data_String_Pattern/Data_String_Pattern.cpp
output/src/Control_Comonad_Traced_Trans/Control_Comonad_Traced_Trans.h
output/src/Data_Distributive/Data_Distributive.h
output/src/Control_Comonad_Traced_Trans/Control_Comonad_Traced_Trans.cpp
output/src/Data_Distributive/Data_Distributive.cpp
output/src/Data_Eq/Data_Eq.h
output/src/Data_String_NonEmpty_CodePoints/Data_String_NonEmpty_CodePoints.h
output/src/Data_Eq/Data_Eq.cpp
output/src/Data_Time/Data_Time.h
output/src/Data_String_NonEmpty_CodePoints/Data_String_NonEmpty_CodePoints.cpp
output/src/Data_Time/Data_Time.cpp
output/src/Test_Primes/Test_Primes.h
output/src/Control_Monad_State/Control_Monad_State.h
output/src/Test_Primes/Test_Primes.cpp
output/src/Control_Monad_State/Control_Monad_State.cpp
output/src/Data_Traversable_Accum_Internal/Data_Traversable_Accum_Internal.h
output/src/Data_Traversable_Accum_Internal/Data_Traversable_Accum_Internal.cpp
output/src/Effect_Console/Effect_Console.h
output/src/Data_Exists/Data_Exists.h
output/src/Data_Exists/Data_Exists.cpp
output/src/Effect_Console/Effect_Console.cpp
output/src/Data_Divisible/Data_Divisible.h
output/src/Data_Divisible/Data_Divisible.cpp
output/src/Data_Functor/Data_Functor.h
output/src/Data_Semigroup/Data_Semigroup.h
output/src/Data_Functor/Data_Functor.cpp
output/src/Data_Array_Partial/Data_Array_Partial.h
output/src/Data_Semigroup/Data_Semigroup.cpp
output/src/Data_Array_Partial/Data_Array_Partial.cpp
output/src/Type_Proxy/Type_Proxy.h
output/src/Data_String_CaseInsensitive/Data_String_CaseInsensitive.h
output/src/Control_Alt/Control_Alt.h
output/src/Data_Bifunctor_Join/Data_Bifunctor_Join.h
output/src/Data_Bifunctor_Join/Data_Bifunctor_Join.cpp
output/src/Control_Alt/Control_Alt.cpp
output/src/Data_String_CaseInsensitive/Data_String_CaseInsensitive.cpp
output/src/Type_Proxy/Type_Proxy.cpp
output/src/Prelude/Prelude.h
output/src/Prelude/Prelude.cpp
output/src/Control_Comonad_Store_Trans/Control_Comonad_Store_Trans.h
output/src/Control_Comonad_Store_Trans/Control_Comonad_Store_Trans.cpp
output/src/Control_Monad_Cont_Class/Control_Monad_Cont_Class.h
output/src/Test_PrimesFFI/Test_PrimesFFI.h
output/src/Test_PrimesFFI/Test_PrimesFFI.cpp
output/src/Control_Monad_Cont_Class/Control_Monad_Cont_Class.cpp
output/src/Control_Monad_Reader/Control_Monad_Reader.h
output/src/Control_Monad_Writer_Class/Control_Monad_Writer_Class.h
output/src/Control_Monad_Reader/Control_Monad_Reader.cpp
output/src/Test_Assert/Test_Assert.h
output/src/Test_Assert/Test_Assert.cpp
output/src/Control_Monad_Writer_Class/Control_Monad_Writer_Class.cpp
output/src/Data_Functor_Coproduct/Data_Functor_Coproduct.h
output/src/Control_Alternative/Control_Alternative.h
output/src/Control_Alternative/Control_Alternative.cpp
output/src/Data_Functor_Coproduct_Inject/Data_Functor_Coproduct_Inject.h
output/src/Record_Unsafe_Union/Record_Unsafe_Union.h
output/src/Data_Functor_Coproduct_Inject/Data_Functor_Coproduct_Inject.cpp
output/src/Record_Unsafe_Union/Record_Unsafe_Union.cpp
output/src/Data_Functor_Coproduct/Data_Functor_Coproduct.cpp
output/src/Control_Monad_ST_Internal/Control_Monad_ST_Internal.h
output/src/Data_Ring/Data_Ring.h
output/src/Control_Monad_ST_Internal/Control_Monad_ST_Internal.cpp
output/src/Data_Ring/Data_Ring.cpp
output/src/Data_Divide/Data_Divide.h
output/src/Data_Divide/Data_Divide.cpp
output/src/Data_Generic_Rep/Data_Generic_Rep.h
output/src/Control_Monad_Gen_Common/Control_Monad_Gen_Common.h
output/src/Control_Monad_Gen_Common/Control_Monad_Gen_Common.cpp
output/src/Data_Generic_Rep/Data_Generic_Rep.cpp
output/src/Main/Main.h
output/src/Data_NonEmpty/Data_NonEmpty.h
output/src/Main/Main.cpp
output/src/Data_NonEmpty/Data_NonEmpty.cpp
output/src/Data_Bitraversable/Data_Bitraversable.h
output/src/Data_Bitraversable/Data_Bitraversable.cpp
output/src/Data_Interval_Duration_Iso/Data_Interval_Duration_Iso.h
output/src/Data_Interval_Duration_Iso/Data_Interval_Duration_Iso.cpp
output/src/Control_Monad_Gen_Class/Control_Monad_Gen_Class.h
output/src/Data_Number_Approximate/Data_Number_Approximate.h
output/src/Data_Number_Approximate/Data_Number_Approximate.cpp
output/src/Control_Monad_Gen_Class/Control_Monad_Gen_Class.cpp
output/src/Data_Functor_Invariant/Data_Functor_Invariant.h
output/src/Data_Functor_Invariant/Data_Functor_Invariant.cpp
output/src/Data_Array_NonEmpty_Internal/Data_Array_NonEmpty_Internal.h
output/src/Data_Array_NonEmpty_Internal/Data_Array_NonEmpty_Internal.cpp
output/src/Data_Time_Gen/Data_Time_Gen.h
output/src/Data_Time_Gen/Data_Time_Gen.cpp
output/src/Control_MonadPlus/Control_MonadPlus.h
output/src/Control_MonadPlus/Control_MonadPlus.cpp
output/src/Data_Array_ST_Iterator/Data_Array_ST_Iterator.h
output/src/Data_Symbol/Data_Symbol.h
output/src/Data_Symbol/Data_Symbol.cpp
output/src/Data_Array_ST_Iterator/Data_Array_ST_Iterator.cpp
output/src/Test_ListOpsFFICheatcode/Test_ListOpsFFICheatcode.h
output/src/Test_RBTreeFFI/Test_RBTreeFFI.h
output/src/Test_ListOpsFFICheatcode/Test_ListOpsFFICheatcode.cpp
output/src/Test_Records/Test_Records.h
output/src/Test_RBTreeFFI/Test_RBTreeFFI.cpp
output/src/Test_Records/Test_Records.cpp
output/src/Data_Functor_App/Data_Functor_App.h
output/src/Data_Functor_App/Data_Functor_App.cpp
output/src/Data_Field/Data_Field.h
output/src/Test_Church/Test_Church.h
output/src/Data_Field/Data_Field.cpp
output/src/Control_Monad_ST_Ref/Control_Monad_ST_Ref.h
output/src/Control_Monad_ST_Ref/Control_Monad_ST_Ref.cpp
output/src/Effect_Aff/Effect_Aff.h
output/src/Data_EuclideanRing/Data_EuclideanRing.h
output/src/Data_Ord_Generic/Data_Ord_Generic.h
output/src/Control_Comonad_Env_Class/Control_Comonad_Env_Class.h
output/src/Test_Church/Test_Church.cpp
output/src/Control_Comonad_Env_Class/Control_Comonad_Env_Class.cpp
output/src/Effect_Aff/Effect_Aff.cpp
output/src/Data_EuclideanRing/Data_EuclideanRing.cpp
output/src/Test_PrimesFFICheatcode/Test_PrimesFFICheatcode.h
output/src/Test_PrimesFFICheatcode/Test_PrimesFFICheatcode.cpp
output/src/Control_Monad_Maybe_Trans/Control_Monad_Maybe_Trans.h
output/src/Data_Ord_Generic/Data_Ord_Generic.cpp
output/src/Control_Monad_Maybe_Trans/Control_Monad_Maybe_Trans.cpp
output/src/Control_Monad_ST_Class/Control_Monad_ST_Class.h
output/src/Control_Monad_ST_Class/Control_Monad_ST_Class.cpp
output/src/Data_Maybe_Last/Data_Maybe_Last.h
output/src/Data_Maybe_Last/Data_Maybe_Last.cpp
output/src/Test_TCO/Test_TCO.h
output/src/Test_TCO/Test_TCO.cpp
output/src/Data_TraversableWithIndex/Data_TraversableWithIndex.h
output/src/Data_Array/Data_Array.h
output/src/Control_Lazy/Control_Lazy.h
output/src/Control_Lazy/Control_Lazy.cpp
output/src/Data_Array/Data_Array.cpp
output/src/Data_Monoid_Conj/Data_Monoid_Conj.h
output/src/Data_TraversableWithIndex/Data_TraversableWithIndex.cpp
output/src/Data_Monoid_Conj/Data_Monoid_Conj.cpp
output/src/Data_Maybe_First/Data_Maybe_First.h
output/src/Data_Maybe_First/Data_Maybe_First.cpp
output/src/Data_DateTime_Gen/Data_DateTime_Gen.h
output/src/Data_Either_Inject/Data_Either_Inject.h
output/src/Data_Either_Inject/Data_Either_Inject.cpp
output/src/Test_RecordsFFICheatcode/Test_RecordsFFICheatcode.h
output/src/Data_DateTime_Gen/Data_DateTime_Gen.cpp
output/src/Control_Comonad_Trans_Class/Control_Comonad_Trans_Class.h
output/src/Control_Comonad_Trans_Class/Control_Comonad_Trans_Class.cpp
output/src/Test_RecordsFFICheatcode/Test_RecordsFFICheatcode.cpp
output/src/Control_Comonad_Env/Control_Comonad_Env.h
output/src/Test_StateMonad/Test_StateMonad.h
output/src/Control_Comonad_Env/Control_Comonad_Env.cpp
output/src/Test_StateMonad/Test_StateMonad.cpp
output/src/Data_Functor_Product_Nested/Data_Functor_Product_Nested.h
output/src/Data_Functor_Product_Nested/Data_Functor_Product_Nested.cpp
output/src/Data_List_Internal/Data_List_Internal.h
output/src/Data_List_Internal/Data_List_Internal.cpp
output/src/Data_Array_NonEmpty/Data_Array_NonEmpty.h
output/src/Data_Identity/Data_Identity.h
output/src/Data_Array_NonEmpty/Data_Array_NonEmpty.cpp
output/src/Data_Identity/Data_Identity.cpp
output/src/Data_Maybe/Data_Maybe.h
output/src/Control_Monad_RWS_Trans/Control_Monad_RWS_Trans.h
output/src/Data_Maybe/Data_Maybe.cpp
output/src/Control_Monad_RWS_Trans/Control_Monad_RWS_Trans.cpp
output/src/Control_Parallel_Class/Control_Parallel_Class.h
output/src/Control_Parallel_Class/Control_Parallel_Class.cpp
output/src/Data_List/Data_List.h
output/src/Data_List/Data_List.cpp
output/src/Data_List_Lazy_Types/Data_List_Lazy_Types.h
output/src/Data_List_Lazy_Types/Data_List_Lazy_Types.cpp
output/src/Data_Map_Internal/Data_Map_Internal.h
output/src/Data_Map_Internal/Data_Map_Internal.cpp
output/src/Data_Tuple_Nested/Data_Tuple_Nested.h
output/src/Data_Tuple_Nested/Data_Tuple_Nested.cpp
output/src/Data_String_CodePoints/Data_String_CodePoints.h
output/src/Data_String_CodePoints/Data_String_CodePoints.cpp
output/src/Data_Foldable/Data_Foldable.h
output/src/Data_Foldable/Data_Foldable.cpp
output/src/Data_List_Types/Data_List_Types.h
output/src/Data_List_Types/Data_List_Types.cpp
output/src/Data_List_Lazy/Data_List_Lazy.h
output/src/Data_List_Lazy/Data_List_Lazy.cpp
Patching purescript.h to fix operator!= bug...
Injecting C++ FFI bindings from purescript-native/cpp-ffi...
=== pscpp ===
C++ generation successful! (FFI bindings pending before make).
